// Jest Snapshot v1, https://goo.gl/fbAQLP

exports[`DisplayCard component 1`] = `<div />`;
